cargo :     Checking mapmap-mcp v0.2.0 (C:\Users\Vinyl\
Desktop\VJMapper\VjMapper\crates\mapmap-mcp)
In Zeile:1 Zeichen:1
+ cargo check 2> errors.txt
+ ~~~~~~~~~~~~~~~~~~~~~~~~~
    + CategoryInfo          : NotSpecified: (    Check 
   ing ma...tes\mapmap-mcp):String) [], RemoteExcepti  
  on
    + FullyQualifiedErrorId : NativeCommandError
 
warning: missing documentation for a struct
   --> crates\mapmap-io\src\ndi\mod.rs:361:1
    |
361 | pub struct NdiReceiver;
    | ^^^^^^^^^^^^^^^^^^^^^^
    |
note: the lint level is defined here
   --> crates\mapmap-io\src\lib.rs:79:9
    |
 79 | #![warn(missing_docs)]
    |         ^^^^^^^^^^^^

warning: missing documentation for an associated 
function
   --> crates\mapmap-io\src\ndi\mod.rs:364:5
    |
364 |     pub fn new() -> crate::error::Result<Self> {
    |     ^^^^^^^^^^^^^^^^^^^^^^^^^^^^^^^^^^^^^^^^^^

warning: missing documentation for an associated 
function
   --> crates\mapmap-io\src\ndi\mod.rs:367:5
    |
367 |     pub async fn discover_sources(_timeout_ms: 
u32) -> crate::error::Result<Vec<Source>> {
    |     ^^^^^^^^^^^^^^^^^^^^^^^^^^^^^^^^^^^^^^^^^^^^^
^^^^^^^^^^^^^^^^^^^^^^^^^^^^^^^^^^^^^^^

warning: missing documentation for a struct
   --> crates\mapmap-io\src\ndi\mod.rs:372:1
    |
372 | pub struct NdiSender;
    | ^^^^^^^^^^^^^^^^^^^^

warning: missing documentation for an associated 
function
   --> crates\mapmap-io\src\ndi\mod.rs:375:5
    |
375 |     pub fn new(_name: impl Into<String>, 
_format: crate::format::VideoFormat) -> 
crate::error::Result<Self> {
    |     ^^^^^^^^^^^^^^^^^^^^^^^^^^^^^^^^^^^^^^^^^^^^^
^^^^^^^^^^^^^^^^^^^^^^^^^^^^^^^^^^^^^^^^^^^^^^^^^^^^^^^
^^^

warning: missing documentation for a struct
   --> crates\mapmap-io\src\ndi\mod.rs:381:1
    |
381 | pub struct Source {
    | ^^^^^^^^^^^^^^^^^

warning: missing documentation for a struct field
   --> crates\mapmap-io\src\ndi\mod.rs:382:5
    |
382 |     pub name: String,
    |     ^^^^^^^^^^^^^^^^

warning: missing documentation for a struct field
   --> crates\mapmap-io\src\ndi\mod.rs:383:5
    |
383 |     pub url: String,
    |     ^^^^^^^^^^^^^^^

    Checking mapmap-ui v0.2.0 (C:\Users\Vinyl\Desktop\V
JMapper\VjMapper\crates\mapmap-ui)
warning: `mapmap-io` (lib) generated 8 warnings
error[E0252]: the name `LocaleManager` is defined 
multiple times
 --> crates\mapmap-ui\src\module_canvas.rs:2:5
  |
1 | use crate::i18n::LocaleManager;
  |     -------------------------- previous import of 
the type `LocaleManager` here
2 | use crate::i18n::LocaleManager;
  |     ^^^^^^^^^^^^^^^^^^^^^^^^^^ `LocaleManager` 
reimported here
  |
  = note: `LocaleManager` must be defined only once in 
the type namespace of this module

error[E0252]: the name `Color32` is defined multiple 
times
 --> crates\mapmap-ui\src\module_canvas.rs:4:12
  |
3 | use egui::{Color32, Pos2, Rect, Sense, Stroke, 
TextureHandle, Ui, Vec2};
  |            ------- previous import of the type 
`Color32` here
4 | use egui::{Color32, Pos2, Rect, Sense, Stroke, 
TextureHandle, Ui, Vec2};
  |            ^^^^^^^--
  |            |
  |            `Color32` reimported here
  |            help: remove unnecessary import
  |
  = note: `Color32` must be defined only once in the 
type namespace of this module

error[E0252]: the name `Pos2` is defined multiple times
 --> crates\mapmap-ui\src\module_canvas.rs:4:21
  |
3 | use egui::{Color32, Pos2, Rect, Sense, Stroke, 
TextureHandle, Ui, Vec2};
  |                     ---- previous import of the 
type `Pos2` here
4 | use egui::{Color32, Pos2, Rect, Sense, Stroke, 
TextureHandle, Ui, Vec2};
  |                     ^^^^--
  |                     |
  |                     `Pos2` reimported here
  |                     help: remove unnecessary import
  |
  = note: `Pos2` must be defined only once in the type 
namespace of this module

error[E0252]: the name `Rect` is defined multiple times
 --> crates\mapmap-ui\src\module_canvas.rs:4:27
  |
3 | use egui::{Color32, Pos2, Rect, Sense, Stroke, 
TextureHandle, Ui, Vec2};
  |                           ---- previous import of 
the type `Rect` here
4 | use egui::{Color32, Pos2, Rect, Sense, Stroke, 
TextureHandle, Ui, Vec2};
  |                           ^^^^--
  |                           |
  |                           `Rect` reimported here
  |                           help: remove unnecessary 
import
  |
  = note: `Rect` must be defined only once in the type 
namespace of this module

error[E0252]: the name `Sense` is defined multiple 
times
 --> crates\mapmap-ui\src\module_canvas.rs:4:33
  |
3 | use egui::{Color32, Pos2, Rect, Sense, Stroke, 
TextureHandle, Ui, Vec2};
  |                                 ----- previous 
import of the type `Sense` here
4 | use egui::{Color32, Pos2, Rect, Sense, Stroke, 
TextureHandle, Ui, Vec2};
  |                                 ^^^^^--
  |                                 |
  |                                 `Sense` reimported 
here
  |                                 help: remove 
unnecessary import
  |
  = note: `Sense` must be defined only once in the 
type namespace of this module

error[E0252]: the name `Stroke` is defined multiple 
times
 --> crates\mapmap-ui\src\module_canvas.rs:4:40
  |
3 | use egui::{Color32, Pos2, Rect, Sense, Stroke, 
TextureHandle, Ui, Vec2};
  |                                        ------ 
previous import of the type `Stroke` here
4 | use egui::{Color32, Pos2, Rect, Sense, Stroke, 
TextureHandle, Ui, Vec2};
  |                                        ^^^^^^--
  |                                        |
  |                                        `Stroke` 
reimported here
  |                                        help: 
remove unnecessary import
  |
  = note: `Stroke` must be defined only once in the 
type namespace of this module

error[E0252]: the name `TextureHandle` is defined 
multiple times
 --> crates\mapmap-ui\src\module_canvas.rs:4:48
  |
3 | use egui::{Color32, Pos2, Rect, Sense, Stroke, 
TextureHandle, Ui, Vec2};
  |                                                
------------- previous import of the type 
`TextureHandle` here
4 | use egui::{Color32, Pos2, Rect, Sense, Stroke, 
TextureHandle, Ui, Vec2};
  |                                                
^^^^^^^^^^^^^--
  |                                                |
  |                                                
`TextureHandle` reimported here
  |                                                
help: remove unnecessary import
  |
  = note: `TextureHandle` must be defined only once in 
the type namespace of this module

error[E0252]: the name `Ui` is defined multiple times
 --> crates\mapmap-ui\src\module_canvas.rs:4:63
  |
3 | use egui::{Color32, Pos2, Rect, Sense, Stroke, 
TextureHandle, Ui, Vec2};
  |                                                    
           -- previous import of the type `Ui` here
4 | use egui::{Color32, Pos2, Rect, Sense, Stroke, 
TextureHandle, Ui, Vec2};
  |                                                    
           ^^--
  |                                                    
           |
  |                                                    
           `Ui` reimported here
  |                                                    
           help: remove unnecessary import
  |
  = note: `Ui` must be defined only once in the type 
namespace of this module

error[E0252]: the name `Vec2` is defined multiple times
 --> crates\mapmap-ui\src\module_canvas.rs:4:67
  |
3 | use egui::{Color32, Pos2, Rect, Sense, Stroke, 
TextureHandle, Ui, Vec2};
  |                                                    
               ---- previous import of the type `Vec2` 
here
4 | use egui::{Color32, Pos2, Rect, Sense, Stroke, 
TextureHandle, Ui, Vec2};
  |                                                    
               ^^^^ `Vec2` reimported here
  |
  = note: `Vec2` must be defined only once in the type 
namespace of this module

warning: unused import: `crate::i18n::LocaleManager`
 --> crates\mapmap-ui\src\module_canvas.rs:2:5
  |
2 | use crate::i18n::LocaleManager;
  |     ^^^^^^^^^^^^^^^^^^^^^^^^^^
  |
  = note: `#[warn(unused_imports)]` (part of 
`#[warn(unused)]`) on by default

warning: unused imports: `Color32`, `Pos2`, `Rect`, 
`Sense`, `Stroke`, `TextureHandle`, `Ui`, and `Vec2`
 --> crates\mapmap-ui\src\module_canvas.rs:4:12
  |
4 | use egui::{Color32, Pos2, Rect, Sense, Stroke, 
TextureHandle, Ui, Vec2};
  |            ^^^^^^^  ^^^^  ^^^^  ^^^^^  ^^^^^^  
^^^^^^^^^^^^^  ^^  ^^^^

error[E0004]: non-exhaustive patterns: `&mut 
mapmap_core::module::SourceType::NdiInput { .. }` not 
covered
   --> crates\mapmap-ui\src\module_canvas.rs:431:47
    |
431 | ...                   match source {
    |                             ^^^^^^ pattern `&mut 
mapmap_core::module::SourceType::NdiInput { .. }` not 
covered
    |
note: `mapmap_core::module::SourceType` defined here
   --> C:\Users\Vinyl\Desktop\VJMapper\VjMapper\crates\
mapmap-core\src\module.rs:432:1
    |
432 | pub enum SourceType {
    | ^^^^^^^^^^^^^^^^^^^
...
444 |     NdiInput {
    |     -------- not covered
    = note: the matched value is of type `&mut 
mapmap_core::module::SourceType`
help: ensure that all possible cases are being handled 
by adding a match arm with a wildcard pattern or an 
explicit pattern as shown
    |
469 ~                                             },
470 +                                             &mut 
mapmap_core::module::SourceType::NdiInput { .. } => 
todo!()
    |

error[E0004]: non-exhaustive patterns: `&mut 
mapmap_core::module::OutputType::NdiOutput { .. }` not 
covered
   --> crates\mapmap-ui\src\module_canvas.rs:957:47
    |
957 | ...                   match output {
    |                             ^^^^^^ pattern `&mut 
mapmap_core::module::OutputType::NdiOutput { .. }` not 
covered
    |
note: `mapmap_core::module::OutputType` defined here
   --> C:\Users\Vinyl\Desktop\VJMapper\VjMapper\crates\
mapmap-core\src\module.rs:663:1
    |
663 | pub enum OutputType {
    | ^^^^^^^^^^^^^^^^^^^
...
667 |     NdiOutput {
    |     --------- not covered
    = note: the matched value is of type `&mut 
mapmap_core::module::OutputType`
help: ensure that all possible cases are being handled 
by adding a match arm with a wildcard pattern or an 
explicit pattern as shown
    |
968 ~                                             },
969 +                                             &mut 
mapmap_core::module::OutputType::NdiOutput { .. } => 
todo!()
    |

warning: unused variable: `actions`
    --> crates\mapmap-ui\src\module_canvas.rs:1233:9
     |
1233 |         actions: &mut Vec<crate::UIAction>,
     |         ^^^^^^^ help: if this is intentional, 
prefix it with an underscore: `_actions`
     |
     = note: `#[warn(unused_variables)]` (part of 
`#[warn(unused)]`) on by default

error[E0004]: non-exhaustive patterns: `&mut 
mapmap_core::module::SourceType::NdiInput { .. }` not 
covered
    --> crates\mapmap-ui\src\module_canvas.rs:2927:37
     |
2927 |                 let current = match source_type 
{
     |                                     ^^^^^^^^^^^ 
pattern `&mut 
mapmap_core::module::SourceType::NdiInput { .. }` not 
covered
     |
note: `mapmap_core::module::SourceType` defined here
    --> C:\Users\Vinyl\Desktop\VJMapper\VjMapper\crates
\mapmap-core\src\module.rs:432:1
     |
 432 | pub enum SourceType {
     | ^^^^^^^^^^^^^^^^^^^
...
 444 |     NdiInput {
     |     -------- not covered
     = note: the matched value is of type `&mut 
mapmap_core::module::SourceType`
help: ensure that all possible cases are being handled 
by adding a match arm with a wildcard pattern or an 
explicit pattern as shown
     |
2930 ~                     SourceType::LiveInput { .. 
} => "Live Input",
2931 ~                     &mut 
mapmap_core::module::SourceType::NdiInput { .. } => 
todo!(),
     |

error[E0004]: non-exhaustive patterns: `&mut 
mapmap_core::module::OutputType::NdiOutput { .. }` not 
covered
    --> crates\mapmap-ui\src\module_canvas.rs:3247:37
     |
3247 |                 let current = match output_type 
{
     |                                     ^^^^^^^^^^^ 
pattern `&mut 
mapmap_core::module::OutputType::NdiOutput { .. }` not 
covered
     |
note: `mapmap_core::module::OutputType` defined here
    --> C:\Users\Vinyl\Desktop\VJMapper\VjMapper\crates
\mapmap-core\src\module.rs:663:1
     |
 663 | pub enum OutputType {
     | ^^^^^^^^^^^^^^^^^^^
...
 667 |     NdiOutput {
     |     --------- not covered
     = note: the matched value is of type `&mut 
mapmap_core::module::OutputType`
help: ensure that all possible cases are being handled 
by adding a match arm with a wildcard pattern or an 
explicit pattern as shown
     |
3249 ~                     OutputType::Preview { .. } 
=> "Preview",
3250 ~                     &mut 
mapmap_core::module::OutputType::NdiOutput { .. } => 
todo!(),
     |

Some errors have detailed explanations: E0004, E0252.
For more information about an error, try `rustc 
--explain E0004`.
warning: `mapmap-ui` (lib) generated 3 warnings
error: could not compile `mapmap-ui` (lib) due to 13 
previous errors; 3 warnings emitted
